Vercel CLI 56.3.1 (Node.js 24.14.1)
> NOTE: The Vercel CLI now collects telemetry regarding usage of the CLI.
> This information is used to shape the CLI roadmap and prioritize features.
> You can learn more, including how to opt-out if you'd not like to participate in this program, by visiting the following URL:
> https://vercel.com/docs/cli/about-telemetry
Retrieving project…
Deploying mamadato212-3734s-projects/youtube-dino
Uploading [--------------------] (0.0B/2.1MB)
Uploading [=====---------------] (556.9KB/2.1MB)
Uploading [==========----------] (1.1MB/2.1MB)
Uploading [===============-----] (1.6MB/2.1MB)
Uploading [====================] (2.1MB/2.1MB)
  Inspect         https://vercel.com/mamadato212-3734s-projects/youtube-dino/B6jTTrcvfhWqUK22JrpPcHNiPvRM
  Production      https://youtube-dino-q49jca749-mamadato212-3734s-projects.vercel.app
https://youtube-dino-q49jca749-mamadato212-3734s-projects.vercel.appBuilding…
Building…
Running build in Washington, D.C., USA (East) – iad1
Build machine configuration: 2 cores, 8 GB
Retrieving list of deployment files...
Previous build caches not available.
Downloading 18 deployment files...
Running "vercel build"
Vercel CLI 56.5.0
WARNING! Due to `builds` existing in your configuration file, the Build and Development Settings defined in your Project Settings will not apply. Learn More: https://vercel.link/unused-build-settings
Detected `pnpm-lock.yaml` 9 which may be generated by pnpm@9.x or pnpm@10.x
Using pnpm@9.x based on project creation date
To use pnpm@10.x, manually opt in using corepack (https://vercel.com/docs/deployments/configure-a-build#corepack)
Installing dependencies...
Lockfile is up to date, resolution step is skipped
Progress: resolved 1, reused 0, downloaded 0, added 0
Packages: +68
++++++++++++++++++++++++++++++++++++++++++++++++++++++++++++++++++++
Progress: resolved 68, reused 0, downloaded 68, added 68, done
dependencies:
+ express 4.22.2
Done in 1.1s using pnpm v9.15.9
Build Completed in /vercel/output [2s]
Deploying outputs...
[2K[1A[2K[G  Production      https://youtube-dino-q49jca749-mamadato212-3734s-projects.vercel.app
Completing…
▲ Aliased         https://youtube-dino-two.vercel.app

✓ Ready in 13s
Due to `builds` existing in your configuration file, the Build and Development Settings defined in your Project Settings will not apply. Learn More: https://vercel.link/unused-build-settings
